app/api/admin/diyanet/route.ts(39,29): error TS2353: Object literal may only specify known properties, and 'packageType' does not exist in type 'UserSelect<DefaultArgs>'.
app/api/admin/diyanet/route.ts(92,65): error TS2353: Object literal may only specify known properties, and 'packageType' does not exist in type 'UserSelect<DefaultArgs>'.
app/api/admin/diyanet/route.ts(111,29): error TS2339: Property 'user' does not exist on type '{ id: string; createdAt: Date; updatedAt: Date; userId: string; status: string; rejectionReason: string | null; idDocumentUrl: string; certificateUrl: string; contactEmail: string; ... 4 more ...; packageAtApply: string; }'.
app/api/admin/pending-listings/route.ts(33,30): error TS2551: Property 'departureCity' does not exist on type '{ guide: { user: { email: string | null; name: string | null; }; } & { id: string; phone: string; createdAt: Date; updatedAt: Date; isApproved: boolean; fullName: string; city: string; ... 11 more ...; tokens: number; }; } & { ...; }'. Did you mean 'departureCityId'?
app/api/admin/reviews/[id]/route.ts(2,10): error TS2614: Module '"next-auth"' has no exported member 'getServerSession'. Did you mean to use 'import getServerSession from "next-auth"' instead?
app/api/admin/reviews/[id]/route.ts(3,10): error TS2305: Module '"@/lib/auth"' has no exported member 'authOptions'.
app/api/admin/reviews/route.ts(2,8): error TS2613: Module '"D:/Yeni klas\u00F6r/Yeni klas\u00F6r (3)/umre/kurulum/umrebuldum/frontend/lib/prisma"' has no default export. Did you mean to use 'import { prisma } from "D:/Yeni klas\u00F6r/Yeni klas\u00F6r (3)/umre/kurulum/umrebuldum/frontend/lib/prisma"' instead?
app/api/admin/reviews/route.ts(3,10): error TS2614: Module '"next-auth"' has no exported member 'getServerSession'. Did you mean to use 'import getServerSession from "next-auth"' instead?
app/api/admin/reviews/route.ts(4,10): error TS2305: Module '"@/lib/auth"' has no exported member 'authOptions'.
app/api/chat/messages/route.ts(90,17): error TS2353: Object literal may only specify known properties, and 'deletedAt' does not exist in type 'MessageWhereInput'.
app/api/chat/messages/route.ts(212,17): error TS2353: Object literal may only specify known properties, and 'deletedAt' does not exist in type 'Without<MessageCreateInput, MessageUncheckedCreateInput> & MessageUncheckedCreateInput'.
app/api/chat/messages/route.ts(271,49): error TS2353: Object literal may only specify known properties, and 'deletedAt' does not exist in type 'MessageSelect<DefaultArgs>'.
app/api/chat/messages/route.ts(275,21): error TS2339: Property 'deletedAt' does not exist on type '{ id: string; role: string; createdAt: Date; blocked: boolean; conversationId: string; senderId: string; body: string; }'.
app/api/chat/messages/route.ts(284,21): error TS2353: Object literal may only specify known properties, and 'deletedAt' does not exist in type '(Without<MessageUpdateInput, MessageUncheckedUpdateInput> & MessageUncheckedUpdateInput) | (Without<...> & MessageUpdateInput)'.
app/api/chat/thread/route.ts(68,30): error TS2353: Object literal may only specify known properties, and 'idempotencyKey' does not exist in type 'CreditTransactionWhereUniqueInput'.
app/api/chat/thread/route.ts(105,25): error TS2353: Object literal may only specify known properties, and 'idempotencyKey' does not exist in type 'Without<CreditTransactionCreateInput, CreditTransactionUncheckedCreateInput> & CreditTransactionUncheckedCreateInput'.
app/api/chat/threads/route.ts(37,30): error TS2353: Object literal may only specify known properties, and 'deletedAt' does not exist in type 'MessageWhereInput'.
app/api/chat/threads/route.ts(50,38): error TS2339: Property 'messages' does not exist on type '{ id: string; createdAt: Date; userId: string; guideId: string; requestId: string; lastMessageAt: Date; }'.
app/api/chat/threads/route.ts(52,39): error TS2551: Property 'request' does not exist on type '{ id: string; createdAt: Date; userId: string; guideId: string; requestId: string; lastMessageAt: Date; }'. Did you mean 'requestId'?
app/api/chat/threads/route.ts(53,27): error TS2551: Property 'request' does not exist on type '{ id: string; createdAt: Date; userId: string; guideId: string; requestId: string; lastMessageAt: Date; }'. Did you mean 'requestId'?
app/api/chat/threads/route.ts(53,59): error TS2551: Property 'request' does not exist on type '{ id: string; createdAt: Date; userId: string; guideId: string; requestId: string; lastMessageAt: Date; }'. Did you mean 'requestId'?
app/api/guide/diyanet/apply/route.ts(38,33): error TS2353: Object literal may only specify known properties, and 'packageType' does not exist in type 'UserSelect<DefaultArgs>'.
app/api/guide/diyanet/apply/route.ts(48,18): error TS2339: Property 'packageType' does not exist on type '{ id: string; email: string | null; name: string | null; emailVerified: Date | null; image: string | null; passwordHash: string | null; role: string | null; previousRole: string | null; ... 17 more ...; mutedUntil: Date | null; }'.
app/api/guide/diyanet/apply/route.ts(56,51): error TS2339: Property 'packageType' does not exist on type '{ id: string; email: string | null; name: string | null; emailVerified: Date | null; image: string | null; passwordHash: string | null; role: string | null; previousRole: string | null; ... 17 more ...; mutedUntil: Date | null; }'.
app/api/guide/diyanet/apply/route.ts(91,38): error TS2339: Property 'packageType' does not exist on type '{ id: string; email: string | null; name: string | null; emailVerified: Date | null; image: string | null; passwordHash: string | null; role: string | null; previousRole: string | null; ... 17 more ...; mutedUntil: Date | null; }'.
app/api/guide/feature/route.ts(66,30): error TS2353: Object literal may only specify known properties, and 'idempotencyKey' does not exist in type 'CreditTransactionWhereUniqueInput'.
app/api/guide/feature/route.ts(98,25): error TS2353: Object literal may only specify known properties, and 'idempotencyKey' does not exist in type 'Without<CreditTransactionCreateInput, CreditTransactionUncheckedCreateInput> & CreditTransactionUncheckedCreateInput'.
app/api/guide/my-listings/route.ts(14,22): error TS2322: Type 'string | null | undefined' is not assignable to type 'string | undefined'.
  Type 'null' is not assignable to type 'string | undefined'.
app/api/guide/my-listings/route.ts(14,29): error TS18047: 'session' is possibly 'null'.
app/api/guide/offer/route.ts(61,46): error TS2339: Property 'offer' does not exist on type 'PrismaClient<PrismaClientOptions, never, DefaultArgs>'.
app/api/guide/offer/route.ts(75,44): error TS2339: Property 'offer' does not exist on type 'PrismaClient<PrismaClientOptions, never, DefaultArgs>'.
app/api/guide/offer/route.ts(82,33): error TS2339: Property 'offerCost' does not exist on type 'RoleCapabilities'.
app/api/guide/offer/route.ts(92,30): error TS2353: Object literal may only specify known properties, and 'idempotencyKey' does not exist in type 'CreditTransactionWhereUniqueInput'.
app/api/guide/offer/route.ts(123,25): error TS2353: Object literal may only specify known properties, and 'idempotencyKey' does not exist in type 'Without<CreditTransactionCreateInput, CreditTransactionUncheckedCreateInput> & CreditTransactionUncheckedCreateInput'.
app/api/guide/offer/route.ts(134,26): error TS2339: Property 'offer' does not exist on type 'Omit<PrismaClient<PrismaClientOptions, never, DefaultArgs>, "$connect" | "$disconnect" | "$on" | "$transaction" | "$use" | "$extends">'.
app/api/guide/republish/route.ts(35,33): error TS2353: Object literal may only specify known properties, and 'packageType' does not exist in type 'UserSelect<DefaultArgs>'.
app/api/guide/republish/route.ts(40,38): error TS2339: Property 'listing' does not exist on type 'PrismaClient<PrismaClientOptions, never, DefaultArgs>'.
app/api/guide/republish/route.ts(52,42): error TS2339: Property 'listing' does not exist on type 'PrismaClient<PrismaClientOptions, never, DefaultArgs>'.
app/api/guide/republish/route.ts(55,50): error TS2339: Property 'packageType' does not exist on type '{ id: string; email: string | null; name: string | null; emailVerified: Date | null; image: string | null; passwordHash: string | null; role: string | null; previousRole: string | null; ... 17 more ...; mutedUntil: Date | null; }'.
app/api/guide/republish/route.ts(58,53): error TS2339: Property 'packageType' does not exist on type '{ id: string; email: string | null; name: string | null; emailVerified: Date | null; image: string | null; passwordHash: string | null; role: string | null; previousRole: string | null; ... 17 more ...; mutedUntil: Date | null; }'.
app/api/guide/republish/route.ts(64,67): error TS2339: Property 'packageType' does not exist on type '{ id: string; email: string | null; name: string | null; emailVerified: Date | null; image: string | null; passwordHash: string | null; role: string | null; previousRole: string | null; ... 17 more ...; mutedUntil: Date | null; }'.
app/api/guide/republish/route.ts(103,26): error TS2339: Property 'listing' does not exist on type 'Omit<PrismaClient<PrismaClientOptions, never, DefaultArgs>, "$connect" | "$disconnect" | "$on" | "$transaction" | "$use" | "$extends">'.
app/api/guide/topup/route.ts(17,18): error TS2322: Type 'string | null | undefined' is not assignable to type 'string | undefined'.
  Type 'null' is not assignable to type 'string | undefined'.
app/api/guide/topup/route.ts(17,25): error TS18047: 'session' is possibly 'null'.
app/api/listings/route.ts(11,15): error TS2305: Module '"@/lib/db-types"' has no exported member 'GuidePackage'.
app/api/listings/route.ts(92,70): error TS2345: Argument of type '{ id: string; phone: string; createdAt: Date; updatedAt: Date; isApproved: boolean; fullName: string; city: string; bio: string | null; photo: string | null; trustScore: number; completedTrips: number; ... 7 more ...; tokens: number; }' is not assignable to parameter of type 'string'.
app/api/listings/route.ts(153,17): error TS2345: Argument of type '{ isFeatured: boolean; featuredUntil: null; updatedAt: Date; filled: number; quota: number; }' is not assignable to parameter of type 'ListingInput'.
  Type '{ isFeatured: boolean; featuredUntil: null; updatedAt: Date; filled: number; quota: number; }' is missing the following properties from type 'ListingInput': type, boostScore, createdAt
app/api/listings/route.ts(275,45): error TS2345: Argument of type '{ id: string; phone: string; createdAt: Date; updatedAt: Date; isApproved: boolean; fullName: string; city: string; bio: string | null; photo: string | null; trustScore: number; completedTrips: number; ... 7 more ...; tokens: number; }' is not assignable to parameter of type 'string'.
app/api/listings/route.ts(324,17): error TS2353: Object literal may only specify known properties, and 'expiresAt' does not exist in type 'Without<GuideListingCreateInput, GuideListingUncheckedCreateInput> & GuideListingUncheckedCreateInput'.
app/api/listings/route.ts(358,34): error TS2339: Property 'tourDays' does not exist on type '{ id: string; image: string | null; createdAt: Date; updatedAt: Date; city: string; title: string; guideId: string; description: string; departureCityId: string | null; departureCityOld: string | null; ... 24 more ...; consentTimestamp: Date | null; }'.
app/api/listings/route.ts(358,47): error TS7006: Parameter 'd' implicitly has an 'any' type.
app/api/onboarding/claim-tokens/route.ts(2,10): error TS2614: Module '"next-auth"' has no exported member 'getServerSession'. Did you mean to use 'import getServerSession from "next-auth"' instead?
app/api/onboarding/claim-tokens/route.ts(3,10): error TS2305: Module '"@/lib/auth"' has no exported member 'authOptions'.
app/api/onboarding/claim-tokens/route.ts(4,8): error TS2613: Module '"D:/Yeni klas\u00F6r/Yeni klas\u00F6r (3)/umre/kurulum/umrebuldum/frontend/lib/prisma"' has no default export. Did you mean to use 'import { prisma } from "D:/Yeni klas\u00F6r/Yeni klas\u00F6r (3)/umre/kurulum/umrebuldum/frontend/lib/prisma"' instead?
app/api/onboarding/claim-tokens/route.ts(62,13): error TS2345: Argument of type '"system"' is not assignable to parameter of type '"purchase" | "refund" | "admin"'.
app/api/requests/interest/route.ts(80,33): error TS2339: Property 'interestCost' does not exist on type 'RoleCapabilities'.
app/api/requests/interest/route.ts(91,46): error TS2339: Property 'maxDailyInterests' does not exist on type 'RoleCapabilities'.
app/api/requests/interest/route.ts(93,76): error TS2339: Property 'maxDailyInterests' does not exist on type 'RoleCapabilities'.
app/api/requests/interest/route.ts(107,30): error TS2353: Object literal may only specify known properties, and 'idempotencyKey' does not exist in type 'CreditTransactionWhereUniqueInput'.
app/api/requests/interest/route.ts(139,25): error TS2353: Object literal may only specify known properties, and 'idempotencyKey' does not exist in type 'Without<CreditTransactionCreateInput, CreditTransactionUncheckedCreateInput> & CreditTransactionUncheckedCreateInput'.
app/api/reviews/route.ts(4,10): error TS2614: Module '"next-auth"' has no exported member 'getServerSession'. Did you mean to use 'import getServerSession from "next-auth"' instead?
app/api/reviews/route.ts(5,10): error TS2305: Module '"@/lib/auth"' has no exported member 'authOptions'.
app/api/reviews/route.ts(31,31): error TS2339: Property 'ip' does not exist on type 'NextRequest'.
app/api/stripe/webhook/route.ts(97,25): error TS2353: Object literal may only specify known properties, and 'idempotencyKey' does not exist in type 'Without<CreditTransactionCreateInput, CreditTransactionUncheckedCreateInput> & CreditTransactionUncheckedCreateInput'.
app/api/user/settings/route.ts(17,22): error TS2322: Type 'string | null | undefined' is not assignable to type 'string | undefined'.
  Type 'null' is not assignable to type 'string | undefined'.
app/api/user/settings/route.ts(17,29): error TS18047: 'session' is possibly 'null'.
app/dashboard/chats/page.tsx(92,29): error TS2322: Type 'string | undefined' is not assignable to type 'string'.
  Type 'undefined' is not assignable to type 'string'.
app/dashboard/market/page.tsx(4,10): error TS2305: Module '"@/lib/db-types"' has no exported member 'UmrahRequest'.
app/dashboard/requests/page.tsx(4,10): error TS2305: Module '"@/lib/db-types"' has no exported member 'UmrahRequest'.
app/dashboard/settings/page.tsx(17,73): error TS2339: Property 'contactConsent' does not exist on type '{ id?: string | undefined; role?: string | undefined; requires_onboarding?: boolean | undefined; wp_user_id?: string | number | undefined; name?: string | null | undefined; email?: string | null | undefined; image?: string | ... 1 more ... | undefined; }'.
app/dashboard/settings/page.tsx(20,28): error TS2339: Property 'contactConsent' does not exist on type '{ id?: string | undefined; role?: string | undefined; requires_onboarding?: boolean | undefined; wp_user_id?: string | number | undefined; name?: string | null | undefined; email?: string | null | undefined; image?: string | ... 1 more ... | undefined; }'.
app/dashboard/settings/page.tsx(21,44): error TS2339: Property 'contactConsent' does not exist on type '{ id?: string | undefined; role?: string | undefined; requires_onboarding?: boolean | undefined; wp_user_id?: string | number | undefined; name?: string | null | undefined; email?: string | null | undefined; image?: string | ... 1 more ... | undefined; }'.
app/listings/[id]/page.tsx(22,60): error TS2345: Argument of type '{ id: string; phone: string; createdAt: Date; updatedAt: Date; isApproved: boolean; fullName: string; city: string; bio: string | null; photo: string | null; trustScore: number; completedTrips: number; ... 7 more ...; tokens: number; }' is not assignable to parameter of type 'string'.
app/listings/[id]/page.tsx(30,26): error TS2551: Property 'departureCity' does not exist on type '{ guide: { id: string; phone: string; createdAt: Date; updatedAt: Date; isApproved: boolean; fullName: string; city: string; bio: string | null; photo: string | null; trustScore: number; ... 8 more ...; tokens: number; }; tourDays: { ...; }[]; } & { ...; }'. Did you mean 'departureCityId'?
app/listings/[id]/page.tsx(34,20): error TS2551: Property 'airline' does not exist on type '{ guide: { id: string; phone: string; createdAt: Date; updatedAt: Date; isApproved: boolean; fullName: string; city: string; bio: string | null; photo: string | null; trustScore: number; ... 8 more ...; tokens: number; }; tourDays: { ...; }[]; } & { ...; }'. Did you mean 'airlineId'?
app/tours/[slug]/page.tsx(143,17): error TS2322: Type 'string | undefined' is not assignable to type 'string'.
  Type 'undefined' is not assignable to type 'string'.
app/tours/[slug]/page.tsx(144,17): error TS2322: Type 'string | undefined' is not assignable to type 'string'.
  Type 'undefined' is not assignable to type 'string'.
app/tours/[slug]/page.tsx(145,17): error TS2322: Type 'string | undefined' is not assignable to type 'string'.
  Type 'undefined' is not assignable to type 'string'.
components/featured-tours.tsx(57,40): error TS2322: Type '{ id: string; title: string; city: string; departureCity: string; startDate: string; endDate: string; totalDays: number; price: number; guide: { fullName: string; city: string | undefined; isDiyanet: boolean; trustScore: number; package: string; }; isFeatured: boolean; posterImages: (string | undefined)[]; }' is not assignable to type '{ id: string; title: string; city: string; departureCity: string; airline?: string | undefined; startDate: string; endDate: string; totalDays: number; price: number; pricing?: { double: number; triple: number; quad: number; currency: string; } | undefined; ... 4 more ...; posterImages?: string[] | undefined; }'.
  Types of property 'posterImages' are incompatible.
    Type '(string | undefined)[]' is not assignable to type 'string[]'.
      Type 'string | undefined' is not assignable to type 'string'.
        Type 'undefined' is not assignable to type 'string'.
components/guide-dashboard/my-listings.tsx(4,10): error TS2305: Module '"@/lib/db-types"' has no exported member 'GuideListing'.
lib/__tests__/credit-concurrency.test.ts(41,13): error TS2353: Object literal may only specify known properties, and 'idempotencyKey' does not exist in type 'Without<CreditTransactionCreateInput, CreditTransactionUncheckedCreateInput> & CreditTransactionUncheckedCreateInput'.
lib/api.ts(195,49): error TS18048: 't.departureCity' is possibly 'undefined'.
lib/api.ts(268,18): error TS2322: Type 'string | undefined' is not assignable to type 'string'.
  Type 'undefined' is not assignable to type 'string'.
lib/auth.ts(26,16): error TS2664: Invalid module name in augmentation, module 'next-auth/jwt' cannot be found.
lib/chat-rate-limit.ts(67,13): error TS2353: Object literal may only specify known properties, and 'deletedAt' does not exist in type 'MessageWhereInput'.
lib/expiration-service.ts(25,43): error TS2339: Property 'listing' does not exist on type 'PrismaClient<PrismaClientOptions, never, DefaultArgs>'.
lib/expiration-service.ts(40,42): error TS2339: Property 'listing' does not exist on type 'PrismaClient<PrismaClientOptions, never, DefaultArgs>'.
lib/expiration-service.ts(50,42): error TS2339: Property 'demand' does not exist on type 'PrismaClient<PrismaClientOptions, never, DefaultArgs>'.
lib/expiration-service.ts(63,41): error TS2339: Property 'demand' does not exist on type 'PrismaClient<PrismaClientOptions, never, DefaultArgs>'.
lib/expiration-service.ts(73,40): error TS2339: Property 'offer' does not exist on type 'PrismaClient<PrismaClientOptions, never, DefaultArgs>'.
lib/expiration-service.ts(82,37): error TS2339: Property 'listing' does not exist on type 'PrismaClient<PrismaClientOptions, never, DefaultArgs>'.
lib/jobs/reconcile-pending-payments.ts(97,29): error TS2353: Object literal may only specify known properties, and 'idempotencyKey' does not exist in type 'Without<CreditTransactionCreateInput, CreditTransactionUncheckedCreateInput> & CreditTransactionUncheckedCreateInput'.
lib/listing-ranking.ts(100,24): error TS2322: Type '400' is not assignable to type '0'.
lib/listing-ranking.ts(101,21): error TS2322: Type '250' is not assignable to type '0'.
lib/listing-ranking.ts(102,25): error TS2322: Type '100' is not assignable to type '0'.
lib/listing-ranking.ts(110,38): error TS2322: Type '200' is not assignable to type '0'.
lib/listing-ranking.ts(111,43): error TS2322: Type '100' is not assignable to type '0'.
lib/listing-ranking.ts(184,33): error TS2322: Type '400' is not assignable to type '100'.
lib/listing-ranking.ts(185,26): error TS2322: Type '250' is not assignable to type '100'.
lib/payment-service.ts(191,45): error TS2353: Object literal may only specify known properties, and 'refundedAt' does not exist in type '(Without<TransactionUpdateInput, TransactionUncheckedUpdateInput> & TransactionUncheckedUpdateInput) | (Without<...> & TransactionUpdateInput)'.
lib/payment-service.ts(202,21): error TS2353: Object literal may only specify known properties, and 'idempotencyKey' does not exist in type 'Without<CreditTransactionCreateInput, CreditTransactionUncheckedCreateInput> & CreditTransactionUncheckedCreateInput'.
lib/token-service.ts(51,34): error TS2353: Object literal may only specify known properties, and 'idempotencyKey' does not exist in type 'CreditTransactionWhereUniqueInput'.
lib/token-service.ts(86,25): error TS2353: Object literal may only specify known properties, and 'idempotencyKey' does not exist in type 'Without<CreditTransactionCreateInput, CreditTransactionUncheckedCreateInput> & CreditTransactionUncheckedCreateInput'.
lib/token-service.ts(146,30): error TS2353: Object literal may only specify known properties, and 'idempotencyKey' does not exist in type 'CreditTransactionWhereUniqueInput'.
lib/token-service.ts(165,21): error TS2353: Object literal may only specify known properties, and 'idempotencyKey' does not exist in type 'Without<CreditTransactionCreateInput, CreditTransactionUncheckedCreateInput> & CreditTransactionUncheckedCreateInput'.
src/core/guards/package-limit.guard.ts(22,38): error TS2339: Property 'listing' does not exist on type 'PrismaClient<PrismaClientOptions, never, DefaultArgs>'.
src/core/guards/package-limit.guard.ts(73,35): error TS2339: Property 'offer' does not exist on type 'PrismaClient<PrismaClientOptions, never, DefaultArgs>'.
src/core/guards/package-limit.guard.ts(124,40): error TS2339: Property 'listing' does not exist on type 'PrismaClient<PrismaClientOptions, never, DefaultArgs>'.
src/modules/reviews/__tests__/domain.test.ts(43,11): error TS2339: Property 'toThrowError' does not exist on type 'JestMatchers<() => void>'.
src/modules/reviews/__tests__/domain.test.ts(49,11): error TS2339: Property 'toThrowError' does not exist on type 'JestMatchers<() => void>'.
src/modules/reviews/application/CreateReviewUseCase.ts(1,8): error TS2613: Module '"D:/Yeni klas\u00F6r/Yeni klas\u00F6r (3)/umre/kurulum/umrebuldum/frontend/lib/prisma"' has no default export. Did you mean to use 'import { prisma } from "D:/Yeni klas\u00F6r/Yeni klas\u00F6r (3)/umre/kurulum/umrebuldum/frontend/lib/prisma"' instead?
src/modules/reviews/application/GetGuideReviewsQuery.ts(1,8): error TS2613: Module '"D:/Yeni klas\u00F6r/Yeni klas\u00F6r (3)/umre/kurulum/umrebuldum/frontend/lib/prisma"' has no default export. Did you mean to use 'import { prisma } from "D:/Yeni klas\u00F6r/Yeni klas\u00F6r (3)/umre/kurulum/umrebuldum/frontend/lib/prisma"' instead?
src/modules/reviews/application/GetGuideReviewsQuery.ts(69,60): error TS7006: Parameter 'r' implicitly has an 'any' type.
src/modules/reviews/application/ModerateReviewUseCase.ts(1,8): error TS2613: Module '"D:/Yeni klas\u00F6r/Yeni klas\u00F6r (3)/umre/kurulum/umrebuldum/frontend/lib/prisma"' has no default export. Did you mean to use 'import { prisma } from "D:/Yeni klas\u00F6r/Yeni klas\u00F6r (3)/umre/kurulum/umrebuldum/frontend/lib/prisma"' instead?
src/modules/reviews/infrastructure/ReviewRepository.ts(1,8): error TS2613: Module '"D:/Yeni klas\u00F6r/Yeni klas\u00F6r (3)/umre/kurulum/umrebuldum/frontend/lib/prisma"' has no default export. Did you mean to use 'import { prisma } from "D:/Yeni klas\u00F6r/Yeni klas\u00F6r (3)/umre/kurulum/umrebuldum/frontend/lib/prisma"' instead?
src/modules/tokens/application/renewal.usecase.ts(41,22): error TS2339: Property 'packageType' does not exist on type '{ id: string; email: string | null; name: string | null; emailVerified: Date | null; image: string | null; passwordHash: string | null; role: string | null; previousRole: string | null; ... 17 more ...; mutedUntil: Date | null; }'.
src/modules/tokens/infrastructure/token.repository.ts(64,17): error TS2353: Object literal may only specify known properties, and 'packageType' does not exist in type 'UserWhereInput'.
src/modules/tokens/infrastructure/token.repository.ts(70,17): error TS2353: Object literal may only specify known properties, and 'packageType' does not exist in type 'UserSelect<DefaultArgs>'.
